I (3522) wifi:dp: 1, bi: 102400, li: 3, scale listen interval from 307200 us to 307200 us
I (3532) wifi:AP's beacon interval = 102400 us, DTIM period = 1
I (4602) example_connect: Got IPv6 event: Interface "example_netif_sta" address: fe80:0000:0000:0000:d68a:fcff:fea8:4f28, type: ESP_IP6_ADDR_IS_LINK_LOCAL
I (6652) esp_netif_handlers: example_netif_sta ip: 192.168.1.213, mask: 255.255.255.0, gw: 192.168.1.254
I (6652) example_connect: Got IPv4 event: Interface "example_netif_sta" address: 192.168.1.213
I (6652) example_common: Connected to example_netif_sta
I (6662) example_common: - IPv4 address: 192.168.1.213,
I (6662) example_common: - IPv6 address: fe80:0000:0000:0000:d68a:fcff:fea8:4f28, type: ESP_IP6_ADDR_IS_LINK_LOCAL
I (6682) OTA_EXAMPLE: SHA-256 for bootloader:  c937e58211249423d589b100ebcbb64f0f4902261ef480c62f90ea566688d1d0
I (6982) OTA_EXAMPLE: SHA-256 for current firmware:  458d32fe4714457ccd4dc43c1eab087b98476f811cd3c76667d0f9f609114e5c
I (6982) MQTT_EXAMPLE: [APP] Free memory: 227672 bytes
I (6982) MQTT_EXAMPLE: Other event id:7
I (6992) LED_CONTROL: Starting LED control task
Luz ADC: 880, LED PWM duty: 143
I (6992) OTA_UPDATE: Verificando actualizaciones...
I (7002) OTA_EXAMPLE: Todas las tareas iniciadas correctamente
I (7002) OTA_UPDATE: Iniciando OTA desde GitHub...
I (7012) main_task: Returned from app_main()
I (7042) wifi:<ba-add>idx:0 (ifx:0, 78:57:73:d5:be:a0), tid:0, ssn:5, winSize:64
I (7602) example_connect: Got IPv6 event: Interface "example_netif_sta" address: 2806:103e:0027:b872:d68a:fcff:fea8:4f28, type: ESP_IP6_ADDR_IS_GLOBAL
I (8052) MQTT_EXAMPLE: MQTT_EVENT_CONNECTED
I (8052) MQTT_EXAMPLE: sent subscribe successful, msg_id=59712
I (8062) MQTT_EXAMPLE: sent subscribe successful, msg_id=22541
I (8062) MQTT_EXAMPLE: sent unsubscribe successful, msg_id=21948
I (8252) MQTT_EXAMPLE: MQTT_EVENT_SUBSCRIBED, msg_id=59712
I (8252) MQTT_EXAMPLE: Sensor task created successfully
I (8252) MQTT_EXAMPLE: Published message: Matricula: 2022371034, Nombre: Eduardo Alejandro Cabello Hernandez - OTA funcionando (msg_id=28997)
I (8352) MQTT_EXAMPLE: MQTT_EVENT_SUBSCRIBED, msg_id=22541
I (8352) MQTT_EXAMPLE: Sensor task created successfully
I (8362) MQTT_EXAMPLE: Published message: Matricula: 2022371034, Nombre: Eduardo Alejandro Cabello Hernandez - OTA funcionando (msg_id=31967)
I (8362) MQTT_EXAMPLE: MQTT_EVENT_UNSUBSCRIBED, msg_id=21948
I (8462) MQTT_EXAMPLE: MQTT_EVENT_PUBLISHED, msg_id=28997
I (8562) MQTT_EXAMPLE: MQTT_EVENT_PUBLISHED, msg_id=31967
I (8872) esp-x509-crt-bundle: Certificate validated
I (10552) esp-x509-crt-bundle: Certificate validated
I (11462) esp-x509-crt-bundle: Certificate validated
I (11952) esp_https_ota: Starting OTA...
I (11962) esp_https_ota: Writing to <ota_0> partition at offset 0x120000
I (13942) esp-x509-crt-bundle: Certificate validated
I (15352) esp-x509-crt-bundle: Certificate validated
I (16802) esp-x509-crt-bundle: Certificate validated
Luz ADC: 881, LED PWM duty: 142
I (18302) esp-x509-crt-bundle: Certificate validated
I (19842) esp-x509-crt-bundle: Certificate validated
I (21202) esp-x509-crt-bundle: Certificate validated
I (22712) esp-x509-crt-bundle: Certificate validated
I (24122) esp-x509-crt-bundle: Certificate validated
I (25532) esp-x509-crt-bundle: Certificate validated
I (27002) esp-x509-crt-bundle: Certificate validated
Luz ADC: 880, LED PWM duty: 143
I (28472) esp-x509-crt-bundle: Certificate validated
I (29762) esp-x509-crt-bundle: Certificate validated
I (31132) esp-x509-crt-bundle: Certificate validated
I (32142) esp_image: segment 0: paddr=00120020 vaddr=3f400020 size=1f9b0h (129456) map
I (32192) esp_image: segment 1: paddr=0013f9d8 vaddr=3ff80000 size=0001ch (    28) 
I (32192) esp_image: segment 2: paddr=0013f9fc vaddr=3ffb0000 size=0061ch (  1564)
I (32202) esp_image: segment 3: paddr=00140020 vaddr=400d0020 size=a30a0h (667808) map
I (32432) esp_image: segment 4: paddr=001e30c8 vaddr=3ffb061c size=03b44h ( 15172) 
I (32432) esp_image: segment 5: paddr=001e6c14 vaddr=40080000 size=17b0ch ( 97036)
I (32472) esp_image: segment 0: paddr=00120020 vaddr=3f400020 size=1f9b0h (129456) map
I (32522) esp_image: segment 1: paddr=0013f9d8 vaddr=3ff80000 size=0001ch (    28) 
I (32522) esp_image: segment 2: paddr=0013f9fc vaddr=3ffb0000 size=0061ch (  1564)
I (32532) esp_image: segment 3: paddr=00140020 vaddr=400d0020 size=a30a0h (667808) map
I (32762) esp_image: segment 4: paddr=001e30c8 vaddr=3ffb061c size=03b44h ( 15172) 
I (32762) esp_image: segment 5: paddr=001e6c14 vaddr=40080000 size=17b0ch ( 97036)
I (32812) OTA_UPDATE: OTA completado exitosamente. Reiniciando...
I (32812) wifi:state: run -> init (0x0)
I (32822) wifi:pm stop, total sleep time: 11545096 us / 29292863 us

I (32822) wifi:<ba-del>idx:0, tid:0
I (32822) wifi:new:<2,0>, old:<2,0>, ap:<255,255>, sta:<2,0>, prof:1, snd_ch_cfg:0x0
E (32842) esp-tls-mbedtls: read error :-0x004C
E (32842) transport_base: esp_tls_conn_read error, errno=Software caused connection abort
E (32842) mqtt_client: esp_mqtt_handle_transport_read_error: transport_read() error: errno=113
I (32852) MQTT_EXAMPLE: MQTT_EVENT_ERROR
I (32852) MQTT_EXAMPLE: Last error code reported from esp-tls: 0x0
I (32862) MQTT_EXAMPLE: Last tls stack error number: 0x4c
I (32862) MQTT_EXAMPLE: Last captured errno : 0 (Success)
E (32872) mqtt_client: mqtt_process_receive: mqtt_message_receive() returned -2
I (32882) MQTT_EXAMPLE: MQTT_EVENT_DISCONNECTED
I (32922) wifi:flush txq
I (32922) wifi:stop sw txq
I (32922) wifi:lmac stop hw txq
I (32922) wifi:Deinit lldesc rx mblock:10
ets Jul 29 2019 12:21:46

rst:0xc (SW_CPU_RESET),boot:0x13 (SPI_FAST_FLASH_BOOT)
configsip: 0, SPIWP:0xee
clk_drv:0x00,q_drv:0x00,d_drv:0x00,cs0_drv:0x00,hd_drv:0x00,wp_drv:0x00
mode:DIO, clock div:2
load:0x3fff0030,len:6276
load:0x40078000,len:15736
load:0x40080400,len:4
--- 0x40080400: _init at ??:?

load:0x40080404,len:3860
entry 0x4008063c
I (29) boot: ESP-IDF v5.4.2 2nd stage bootloader
I (29) boot: compile time Aug 13 2025 01:16:06
I (29) boot: Multicore bootloader
I (31) boot: chip revision: v3.1
I (33) boot.esp32: SPI Speed      : 40MHz
I (37) boot.esp32: SPI Mode       : DIO
I (41) boot.esp32: SPI Flash Size : 4MB
I (44) boot: Enabling RNG early entropy source...
I (49) boot: Partition Table:
I (51) boot: ## Label            Usage          Type ST Offset   Length
I (58) boot:  0 nvs              WiFi data        01 02 00009000 00006000
I (64) boot:  1 otadata          OTA data         01 00 0000f000 00002000
I (71) boot:  2 phy_init         RF data          01 01 00011000 00001000
I (77) boot:  3 factory          factory app      00 00 00020000 00100000
I (84) boot:  4 ota_0            OTA app          00 10 00120000 00100000
I (90) boot:  5 ota_1            OTA app          00 11 00220000 00100000
I (97) boot: End of partition table
I (100) esp_image: segment 0: paddr=00120020 vaddr=3f400020 size=1f9b0h (129456) map
I (152) esp_image: segment 1: paddr=0013f9d8 vaddr=3ff80000 size=0001ch (    28) load
I (152) esp_image: segment 2: paddr=0013f9fc vaddr=3ffb0000 size=0061ch (  1564) load
I (156) esp_image: segment 3: paddr=00140020 vaddr=400d0020 size=a30a0h (667808) map
I (391) esp_image: segment 4: paddr=001e30c8 vaddr=3ffb061c size=03b44h ( 15172) load
I (397) esp_image: segment 5: paddr=001e6c14 vaddr=40080000 size=17b0ch ( 97036) load
I (446) boot: Loaded app from partition at offset 0x120000
I (447) boot: Disabling RNG early entropy source...
I (457) cpu_start: Multicore app
I (466) cpu_start: Pro cpu start user code
I (466) cpu_start: cpu freq: 160000000 Hz
I (466) app_init: Application information:
I (466) app_init: Project name:     mqtt_ssl
I (470) app_init: App version:      1
I (473) app_init: Compile time:     Aug 13 2025 01:11:55
I (478) app_init: ELF file SHA256:  6c649824a...
--- Warning: Checksum mismatch between flashed and built applications. Checksum of built application is 514a4800e038a5e29fe36f2f792cdf66007d0d2d2a9d7f7ba752af6a3f058237
I (482) app_init: ESP-IDF:          v5.4.2
I (486) efuse_init: Min chip rev:     v0.0
I (490) efuse_init: Max chip rev:     v3.99
I (494) efuse_init: Chip rev:         v3.1
I (498) heap_init: Initializing. RAM available for dynamic allocation:
I (504) heap_init: At 3FFAE6E0 len 00001920 (6 KiB): DRAM
I (509) heap_init: At 3FFB8858 len 000277A8 (157 KiB): DRAM
I (515) heap_init: At 3FFE0440 len 00003AE0 (14 KiB): D/IRAM
I (520) heap_init: At 3FFE4350 len 0001BCB0 (111 KiB): D/IRAM
I (525) heap_init: At 40097B0C len 000084F4 (33 KiB): IRAM
I (532) spi_flash: detected chip: generic
I (534) spi_flash: flash io: dio
I (538) main_task: Started on CPU0
I (548) main_task: Calling app_main()
I (548) OTA_EXAMPLE: OTA example app_main start
I (568) example_connect: Start example_connect.
I (578) wifi:wifi driver task: 3ffc05c4, prio:23, stack:6656, core=0
I (588) wifi:wifi firmware version: bea31f3
I (588) wifi:wifi certification version: v7.0
I (588) wifi:config NVS flash: enabled
I (588) wifi:config nano formatting: disabled
I (588) wifi:Init data frame dynamic rx buffer num: 32
I (598) wifi:Init static rx mgmt buffer num: 5
I (598) wifi:Init management short buffer num: 32
I (608) wifi:Init dynamic tx buffer num: 32
I (608) wifi:Init static rx buffer size: 1600
I (618) wifi:Init static rx buffer num: 10
I (618) wifi:Init dynamic rx buffer num: 32
I (618) wifi_init: rx ba win: 6
I (628) wifi_init: accept mbox: 6
I (628) wifi_init: tcpip mbox: 32
I (628) wifi_init: udp mbox: 6
I (638) wifi_init: tcp mbox: 6
I (638) wifi_init: tcp tx win: 5760
I (638) wifi_init: tcp rx win: 5760
I (638) wifi_init: tcp mss: 1440
I (648) wifi_init: WiFi IRAM OP enabled
I (648) wifi_init: WiFi RX IRAM OP enabled
I (658) phy_init: phy_version 4860,6b7a6e5,Feb  6 2025,14:47:07
I (748) wifi:mode : sta (d4:8a:fc:a8:4f:28)
I (748) wifi:enable tsf
I (748) example_connect: Connecting to INFINITUM5CA4_2.4...
W (748) wifi:Password length matches WPA2 standards, authmode threshold changes from OPEN to WPA2
I (758) example_connect: Waiting for IP(s)
I (3418) wifi:new:<2,0>, old:<1,0>, ap:<255,255>, sta:<2,0>, prof:1, snd_ch_cfg:0x0
I (3418) wifi:state: init -> auth (0xb0)
I (3428) wifi:state: auth -> assoc (0x0)
I (3428) wifi:state: assoc -> run (0x10)
I (3458) wifi:connected with INFINITUM5CA4_2.4, aid = 126, channel 2, BW20, bssid = 78:57:73:d5:be:a0
I (3458) wifi:security: WPA2-PSK, phy: bgn, rssi: -53
I (3458) wifi:pm start, type: 1

I (3458) wifi:dp: 1, bi: 102400, li: 3, scale listen interval from 307200 us to 307200 us
I (3468) wifi:AP's beacon interval = 102400 us, DTIM period = 1
I (4568) example_connect: Got IPv6 event: Interface "example_netif_sta" address: fe80:0000:0000:0000:d68a:fcff:fea8:4f28, type: ESP_IP6_ADDR_IS_LINK_LOCAL
I (6628) esp_netif_handlers: example_netif_sta ip: 192.168.1.213, mask: 255.255.255.0, gw: 192.168.1.254
I (6628) example_connect: Got IPv4 event: Interface "example_netif_sta" address: 192.168.1.213
I (6628) example_common: Connected to example_netif_sta
I (6638) example_common: - IPv4 address: 192.168.1.213,
I (6638) example_common: - IPv6 address: fe80:0000:0000:0000:d68a:fcff:fea8:4f28, type: ESP_IP6_ADDR_IS_LINK_LOCAL
I (6658) OTA_EXAMPLE: SHA-256 for bootloader:  c937e58211249423d589b100ebcbb64f0f4902261ef480c62f90ea566688d1d0
I (6928) OTA_EXAMPLE: SHA-256 for current firmware:  ad419607772640c152691cb41af4eafa523f600334fc0d7f43468f56e7025c95
I (6928) OTA_EXAMPLE: Starting OTA example task
I (6938) LED_CONTROL: Starting LED control task v2.0 with button control
I (6938) main_task: Returned from app_main()
I (6938) gpio: GPIO[27]| InputEn: 1| OutputEn: 0| OpenDrain: 0| Pullup: 1| Pulldown: 0| Intr:0
I (6948) LED_CONTROL: Sistema iniciado - Presiona el bot√≥n BOOT para encender/apagar
[AUTO] Luz ADC: 881, LED PWM duty: 142
I (7568) example_connect: Got IPv6 event: Interface "example_netif_sta" address: 2806:103e:0027:b872:d68a:fcff:fea8:4f28, type: ESP_IP6_ADDR_IS_GLOBAL
I (7778) OTA_EXAMPLE: HTTP GET Status = 200, content_length = 911184
I (8998) wifi:<ba-add>idx:0 (ifx:0, 78:57:73:d5:be:a0), tid:0, ssn:5, winSize:64
I (16548) OTA_EXAMPLE: Connection closed, all data received